^C2025-05-07 18:00:34.185180: I tensorflow/core/util/port.cc:153] oneDNN custom operations are on. You may see slightly different numerical results due to floating-point round-off errors from different computation orders. To turn them off, set the environment variable `TF_ENABLE_ONEDNN_OPTS=0`.
2025-05-07 18:00:42.395396: I tensorflow/core/util/port.cc:153] oneDNN custom operations are on. You may see slightly different numerical results due to floating-point round-off errors from different computation orders. To turn them off, set the environment variable `TF_ENABLE_ONEDNN_OPTS=0`.
Updating historical data for 587 stocks...
[1/587] Processing NABIL
Updated NABIL (2 new rows)
[2/587] Processing NIMB
Updated NIMB (2 new rows)
[3/587] Processing SCB
Updated SCB (2 new rows)
[4/587] Processing HBL
Updated HBL (2 new rows)
[5/587] Processing SBI
Updated SBI (2 new rows)
[6/587] Processing NBB
No data returned for NBB
[7/587] Processing EBL
Updated EBL (2 new rows)
[8/587] Processing NICA
Updated NICA (2 new rows)
[9/587] Processing MBL
Updated MBL (2 new rows)
[10/587] Processing LSL
Updated LSL (2 new rows)
[11/587] Processing KBL
Updated KBL (2 new rows)
[12/587] Processing SBL
Updated SBL (2 new rows)
[13/587] Processing YHL
 Scraping failed for YHL: Message: no such element: Unable to locate element: {"method":"xpath","selector":"//a[text()='Price History']"}
  (Session info: chrome=135.0.7049.116); For documentation on this error, please visit: https://www.selenium.dev/documentation/webdriver/troubleshooting/errors#no-such-element-exception
Stacktrace:
	GetHandleVerifier [0x00007FF606345335+78597]
	GetHandleVerifier [0x00007FF606345390+78688]
	(No symbol) [0x00007FF6060F91AA]
	(No symbol) [0x00007FF60614F149]
	(No symbol) [0x00007FF60614F3FC]
	(No symbol) [0x00007FF6061A2467]
	(No symbol) [0x00007FF60617712F]
	(No symbol) [0x00007FF60619F2BB]
	(No symbol) [0x00007FF606176EC3]
	(No symbol) [0x00007FF6061403F8]
	(No symbol) [0x00007FF606141163]
	GetHandleVerifier [0x00007FF6065EEEED+2870973]
	GetHandleVerifier [0x00007FF6065E9698+2848360]
	GetHandleVerifier [0x00007FF606606973+2967875]
	GetHandleVerifier [0x00007FF60636017A+188746]
	GetHandleVerifier [0x00007FF60636845F+222255]
	GetHandleVerifier [0x00007FF60634D2B4+111236]
	GetHandleVerifier [0x00007FF60634D462+111666]
	GetHandleVerifier [0x00007FF606333589+5465]
	BaseThreadInitThunk [0x00007FFA7C2EE8D7+23]
	RtlUserThreadStart [0x00007FFA7DE3C5DC+44]

Error updating YHL: cannot access local variable 'final_df' where it is not associated with a value
[14/587] Processing SHL
Updated SHL (2 new rows)
[15/587] Processing TRH
Updated TRH (2 new rows)
[16/587] Processing OHL
Updated OHL (2 new rows)
[17/587] Processing NFD
No data returned for NFD
[18/587] Processing NHPC
Updated NHPC (2 new rows)
[19/587] Processing BPCL
 Scraping failed for BPCL: HTTPConnectionPool(host='localhost', port=57735): Read timed out. (read timeout=120)
Error updating BPCL: cannot access local variable 'final_df' where it is not associated with a value
[20/587] Processing CHCL
Updated CHCL (2 new rows)
[21/587] Processing STC
Updated STC (2 new rows)
[22/587] Processing BBC
Updated BBC (2 new rows)
[23/587] Processing NTL
 Scraping failed for NTL: Message: no such element: Unable to locate element: {"method":"xpath","selector":"//a[text()='Price History']"}
  (Session info: chrome=135.0.7049.116); For documentation on this error, please visit: https://www.selenium.dev/documentation/webdriver/troubleshooting/errors#no-such-element-exception
Stacktrace:
	GetHandleVerifier [0x00007FF606345335+78597]
	GetHandleVerifier [0x00007FF606345390+78688]
	(No symbol) [0x00007FF6060F91AA]
	(No symbol) [0x00007FF60614F149]
	(No symbol) [0x00007FF60614F3FC]
	(No symbol) [0x00007FF6061A2467]
	(No symbol) [0x00007FF60617712F]
	(No symbol) [0x00007FF60619F2BB]
	(No symbol) [0x00007FF606176EC3]
	(No symbol) [0x00007FF6061403F8]
	(No symbol) [0x00007FF606141163]
	GetHandleVerifier [0x00007FF6065EEEED+2870973]
	GetHandleVerifier [0x00007FF6065E9698+2848360]
	GetHandleVerifier [0x00007FF606606973+2967875]
	GetHandleVerifier [0x00007FF60636017A+188746]
	GetHandleVerifier [0x00007FF60636845F+222255]
	GetHandleVerifier [0x00007FF60634D2B4+111236]
	GetHandleVerifier [0x00007FF60634D462+111666]
	GetHandleVerifier [0x00007FF606333589+5465]
	BaseThreadInitThunk [0x00007FFA7C2EE8D7+23]
	RtlUserThreadStart [0x00007FFA7DE3C5DC+44]

Error updating NTL: cannot access local variable 'final_df' where it is not associated with a value
[24/587] Processing NWC
 Scraping failed for NWC: Message: no such element: Unable to locate element: {"method":"xpath","selector":"//a[text()='Price History']"}
  (Session info: chrome=135.0.7049.116); For documentation on this error, please visit: https://www.selenium.dev/documentation/webdriver/troubleshooting/errors#no-such-element-exception
Stacktrace:
	GetHandleVerifier [0x00007FF606345335+78597]
	GetHandleVerifier [0x00007FF606345390+78688]
	(No symbol) [0x00007FF6060F91AA]
	(No symbol) [0x00007FF60614F149]
	(No symbol) [0x00007FF60614F3FC]
	(No symbol) [0x00007FF6061A2467]
	(No symbol) [0x00007FF60617712F]
	(No symbol) [0x00007FF60619F2BB]
	(No symbol) [0x00007FF606176EC3]
	(No symbol) [0x00007FF6061403F8]
	(No symbol) [0x00007FF606141163]
	GetHandleVerifier [0x00007FF6065EEEED+2870973]
	GetHandleVerifier [0x00007FF6065E9698+2848360]
	GetHandleVerifier [0x00007FF606606973+2967875]
	GetHandleVerifier [0x00007FF60636017A+188746]
	GetHandleVerifier [0x00007FF60636845F+222255]
	GetHandleVerifier [0x00007FF60634D2B4+111236]
	GetHandleVerifier [0x00007FF60634D462+111666]
	GetHandleVerifier [0x00007FF606333589+5465]
	BaseThreadInitThunk [0x00007FFA7C2EE8D7+23]
	RtlUserThreadStart [0x00007FFA7DE3C5DC+44]

Error updating NWC: cannot access local variable 'final_df' where it is not associated with a value
[25/587] Processing NUBL
Updated NUBL (2 new rows)
[26/587] Processing CBBL
Updated CBBL (2 new rows)
[27/587] Processing PDBL
No data returned for PDBL
[28/587] Processing DDBL
Updated DDBL (2 new rows)
[29/587] Processing SDBL
No data returned for SDBL
[30/587] Processing SANIMA
Updated SANIMA (2 new rows)
[31/587] Processing NABBC
Updated NABBC (2 new rows)
[32/587] Processing NICL
Updated NICL (2 new rows)
[33/587] Processing RBCL
Updated RBCL (2 new rows)
[34/587] Processing NLICL
Updated NLICL (2 new rows)
[35/587] Processing HEI
Updated HEI (2 new rows)
[36/587] Processing UAIL
Updated UAIL (2 new rows)
[37/587] Processing SPIL
Updated SPIL (2 new rows)
[38/587] Processing NIL
Updated NIL (2 new rows)
[39/587] Processing PRIN
Updated PRIN (2 new rows)
[40/587] Processing SALICO
Updated SALICO (2 new rows)
[41/587] Processing IGI
Updated IGI (2 new rows)
[42/587] Processing NLIC
Updated NLIC (17 new rows)
[43/587] Processing LICN
Updated LICN (2 new rows)
