^C^C^C2025-05-14 18:00:33.754414: I tensorflow/core/util/port.cc:153] oneDNN custom operations are on. You may see slightly different numerical results due to floating-point round-off errors from different computation orders. To turn them off, set the environment variable `TF_ENABLE_ONEDNN_OPTS=0`.
2025-05-14 18:00:41.400236: I tensorflow/core/util/port.cc:153] oneDNN custom operations are on. You may see slightly different numerical results due to floating-point round-off errors from different computation orders. To turn them off, set the environment variable `TF_ENABLE_ONEDNN_OPTS=0`.
Updating historical data for 587 stocks...
[1/587] Processing NABIL
Updated NABIL (1 new rows)
[2/587] Processing NIMB
Updated NIMB (1 new rows)
[3/587] Processing SCB
Updated SCB (1 new rows)
[4/587] Processing HBL
Updated HBL (1 new rows)
[5/587] Processing SBI
Updated SBI (1 new rows)
[6/587] Processing NBB
No data returned for NBB
[7/587] Processing EBL
Updated EBL (1 new rows)
[8/587] Processing NICA
Updated NICA (1 new rows)
[9/587] Processing MBL
Updated MBL (1 new rows)
[10/587] Processing LSL
Updated LSL (1 new rows)
[11/587] Processing KBL
Updated KBL (1 new rows)
[12/587] Processing SBL
Updated SBL (1 new rows)
[13/587] Processing YHL
 Scraping failed for YHL: Message: no such element: Unable to locate element: {"method":"xpath","selector":"//a[text()='Price History']"}
  (Session info: chrome=136.0.7103.93); For documentation on this error, please visit: https://www.selenium.dev/documentation/webdriver/troubleshooting/errors#no-such-element-exception
Stacktrace:
	GetHandleVerifier [0x00007FF6D9665335+78597]
	GetHandleVerifier [0x00007FF6D9665390+78688]
	(No symbol) [0x00007FF6D94191AA]
	(No symbol) [0x00007FF6D946F149]
	(No symbol) [0x00007FF6D946F3FC]
	(No symbol) [0x00007FF6D94C2467]
	(No symbol) [0x00007FF6D949712F]
	(No symbol) [0x00007FF6D94BF2BB]
	(No symbol) [0x00007FF6D9496EC3]
	(No symbol) [0x00007FF6D94603F8]
	(No symbol) [0x00007FF6D9461163]
	GetHandleVerifier [0x00007FF6D990EEED+2870973]
	GetHandleVerifier [0x00007FF6D9909698+2848360]
	GetHandleVerifier [0x00007FF6D9926973+2967875]
	GetHandleVerifier [0x00007FF6D968017A+188746]
	GetHandleVerifier [0x00007FF6D968845F+222255]
	GetHandleVerifier [0x00007FF6D966D2B4+111236]
	GetHandleVerifier [0x00007FF6D966D462+111666]
	GetHandleVerifier [0x00007FF6D9653589+5465]
	BaseThreadInitThunk [0x00007FFAFB9AE8D7+23]
	RtlUserThreadStart [0x00007FFAFCDFC5DC+44]

Error updating YHL: cannot access local variable 'final_df' where it is not associated with a value
[14/587] Processing SHL
Updated SHL (1 new rows)
[15/587] Processing TRH
Updated TRH (1 new rows)
[16/587] Processing OHL
Updated OHL (1 new rows)
[17/587] Processing NFD
No data returned for NFD
[18/587] Processing NHPC
Updated NHPC (1 new rows)
[19/587] Processing BPCL
Updated BPCL (1 new rows)
[20/587] Processing CHCL
Updated CHCL (1 new rows)
[21/587] Processing STC
Updated STC (1 new rows)
[22/587] Processing BBC
Updated BBC (1 new rows)
[23/587] Processing NTL
 Scraping failed for NTL: Message: no such element: Unable to locate element: {"method":"xpath","selector":"//a[text()='Price History']"}
  (Session info: chrome=136.0.7103.93); For documentation on this error, please visit: https://www.selenium.dev/documentation/webdriver/troubleshooting/errors#no-such-element-exception
Stacktrace:
	GetHandleVerifier [0x00007FF6D9665335+78597]
	GetHandleVerifier [0x00007FF6D9665390+78688]
	(No symbol) [0x00007FF6D94191AA]
	(No symbol) [0x00007FF6D946F149]
	(No symbol) [0x00007FF6D946F3FC]
	(No symbol) [0x00007FF6D94C2467]
	(No symbol) [0x00007FF6D949712F]
	(No symbol) [0x00007FF6D94BF2BB]
	(No symbol) [0x00007FF6D9496EC3]
	(No symbol) [0x00007FF6D94603F8]
	(No symbol) [0x00007FF6D9461163]
	GetHandleVerifier [0x00007FF6D990EEED+2870973]
	GetHandleVerifier [0x00007FF6D9909698+2848360]
	GetHandleVerifier [0x00007FF6D9926973+2967875]
	GetHandleVerifier [0x00007FF6D968017A+188746]
	GetHandleVerifier [0x00007FF6D968845F+222255]
	GetHandleVerifier [0x00007FF6D966D2B4+111236]
	GetHandleVerifier [0x00007FF6D966D462+111666]
	GetHandleVerifier [0x00007FF6D9653589+5465]
	BaseThreadInitThunk [0x00007FFAFB9AE8D7+23]
	RtlUserThreadStart [0x00007FFAFCDFC5DC+44]

Error updating NTL: cannot access local variable 'final_df' where it is not associated with a value
[24/587] Processing NWC
 Scraping failed for NWC: Message: no such element: Unable to locate element: {"method":"xpath","selector":"//a[text()='Price History']"}
  (Session info: chrome=136.0.7103.93); For documentation on this error, please visit: https://www.selenium.dev/documentation/webdriver/troubleshooting/errors#no-such-element-exception
Stacktrace:
	GetHandleVerifier [0x00007FF6D9665335+78597]
	GetHandleVerifier [0x00007FF6D9665390+78688]
	(No symbol) [0x00007FF6D94191AA]
	(No symbol) [0x00007FF6D946F149]
	(No symbol) [0x00007FF6D946F3FC]
	(No symbol) [0x00007FF6D94C2467]
	(No symbol) [0x00007FF6D949712F]
	(No symbol) [0x00007FF6D94BF2BB]
	(No symbol) [0x00007FF6D9496EC3]
	(No symbol) [0x00007FF6D94603F8]
	(No symbol) [0x00007FF6D9461163]
	GetHandleVerifier [0x00007FF6D990EEED+2870973]
	GetHandleVerifier [0x00007FF6D9909698+2848360]
	GetHandleVerifier [0x00007FF6D9926973+2967875]
	GetHandleVerifier [0x00007FF6D968017A+188746]
	GetHandleVerifier [0x00007FF6D968845F+222255]
	GetHandleVerifier [0x00007FF6D966D2B4+111236]
	GetHandleVerifier [0x00007FF6D966D462+111666]
	GetHandleVerifier [0x00007FF6D9653589+5465]
	BaseThreadInitThunk [0x00007FFAFB9AE8D7+23]
	RtlUserThreadStart [0x00007FFAFCDFC5DC+44]

Error updating NWC: cannot access local variable 'final_df' where it is not associated with a value
[25/587] Processing NUBL
Updated NUBL (1 new rows)
[26/587] Processing CBBL
Updated CBBL (1 new rows)
[27/587] Processing PDBL
No data returned for PDBL
[28/587] Processing DDBL
Updated DDBL (1 new rows)
[29/587] Processing SDBL
No data returned for SDBL
[30/587] Processing SANIMA
Updated SANIMA (1 new rows)
[31/587] Processing NABBC
Updated NABBC (1 new rows)
[32/587] Processing NICL
Updated NICL (1 new rows)
[33/587] Processing RBCL
Updated RBCL (1 new rows)
[34/587] Processing NLICL
Updated NLICL (1 new rows)
[35/587] Processing HEI
Updated HEI (1 new rows)
[36/587] Processing UAIL
Updated UAIL (1 new rows)
[37/587] Processing SPIL
Updated SPIL (1 new rows)
[38/587] Processing NIL
Updated NIL (1 new rows)
[39/587] Processing PRIN
Updated PRIN (1 new rows)
[40/587] Processing SALICO
Updated SALICO (1 new rows)
[41/587] Processing IGI
Updated IGI (1 new rows)
[42/587] Processing NLIC
Updated NLIC (1 new rows)
[43/587] Processing LICN
Updated LICN (1 new rows)
[44/587] Processing SICL
Updated SICL (1 new rows)
[45/587] Processing NFS
Updated NFS (1 new rows)
[46/587] Processing BNL
Updated BNL (1 new rows)
[47/587] Processing NLO
No data returned for NLO
[48/587] Processing NSM
 Scraping failed for NSM: Message: no such element: Unable to locate element: {"method":"xpath","selector":"//a[text()='Price History']"}
  (Session info: chrome=136.0.7103.93); For documentation on this error, please visit: https://www.selenium.dev/documentation/webdriver/troubleshooting/errors#no-such-element-exception
Stacktrace:
	GetHandleVerifier [0x00007FF6D9665335+78597]
	GetHandleVerifier [0x00007FF6D9665390+78688]
	(No symbol) [0x00007FF6D94191AA]
	(No symbol) [0x00007FF6D946F149]
	(No symbol) [0x00007FF6D946F3FC]
	(No symbol) [0x00007FF6D94C2467]
	(No symbol) [0x00007FF6D949712F]
	(No symbol) [0x00007FF6D94BF2BB]
	(No symbol) [0x00007FF6D9496EC3]
	(No symbol) [0x00007FF6D94603F8]
	(No symbol) [0x00007FF6D9461163]
	GetHandleVerifier [0x00007FF6D990EEED+2870973]
	GetHandleVerifier [0x00007FF6D9909698+2848360]
	GetHandleVerifier [0x00007FF6D9926973+2967875]
	GetHandleVerifier [0x00007FF6D968017A+188746]
	GetHandleVerifier [0x00007FF6D968845F+222255]
	GetHandleVerifier [0x00007FF6D966D2B4+111236]
	GetHandleVerifier [0x00007FF6D966D462+111666]
	GetHandleVerifier [0x00007FF6D9653589+5465]
	BaseThreadInitThunk [0x00007FFAFB9AE8D7+23]
	RtlUserThreadStart [0x00007FFAFCDFC5DC+44]

Error updating NSM: cannot access local variable 'final_df' where it is not associated with a value
[49/587] Processing NVG
 Scraping failed for NVG: Message: no such element: Unable to locate element: {"method":"xpath","selector":"//a[text()='Price History']"}
  (Session info: chrome=136.0.7103.93); For documentation on this error, please visit: https://www.selenium.dev/documentation/webdriver/troubleshooting/errors#no-such-element-exception
Stacktrace:
	GetHandleVerifier [0x00007FF6D9665335+78597]
	GetHandleVerifier [0x00007FF6D9665390+78688]
	(No symbol) [0x00007FF6D94191AA]
	(No symbol) [0x00007FF6D946F149]
	(No symbol) [0x00007FF6D946F3FC]
	(No symbol) [0x00007FF6D94C2467]
	(No symbol) [0x00007FF6D949712F]
	(No symbol) [0x00007FF6D94BF2BB]
	(No symbol) [0x00007FF6D9496EC3]
	(No symbol) [0x00007FF6D94603F8]
	(No symbol) [0x00007FF6D9461163]
	GetHandleVerifier [0x00007FF6D990EEED+2870973]
	GetHandleVerifier [0x00007FF6D9909698+2848360]
	GetHandleVerifier [0x00007FF6D9926973+2967875]
	GetHandleVerifier [0x00007FF6D968017A+188746]
	GetHandleVerifier [0x00007FF6D968845F+222255]
	GetHandleVerifier [0x00007FF6D966D2B4+111236]
	GetHandleVerifier [0x00007FF6D966D462+111666]
	GetHandleVerifier [0x00007FF6D9653589+5465]
	BaseThreadInitThunk [0x00007FFAFB9AE8D7+23]
	RtlUserThreadStart [0x00007FFAFCDFC5DC+44]

Error updating NVG: cannot access local variable 'final_df' where it is not associated with a value
[50/587] Processing KBBL
No data returned for KBBL
[51/587] Processing RJM
 Scraping failed for RJM: Message: no such element: Unable to locate element: {"method":"xpath","selector":"//a[text()='Price History']"}
  (Session info: chrome=136.0.7103.93); For documentation on this error, please visit: https://www.selenium.dev/documentation/webdriver/troubleshooting/errors#no-such-element-exception
Stacktrace:
	GetHandleVerifier [0x00007FF6D9665335+78597]
	GetHandleVerifier [0x00007FF6D9665390+78688]
	(No symbol) [0x00007FF6D94191AA]
	(No symbol) [0x00007FF6D946F149]
	(No symbol) [0x00007FF6D946F3FC]
	(No symbol) [0x00007FF6D94C2467]
	(No symbol) [0x00007FF6D949712F]
	(No symbol) [0x00007FF6D94BF2BB]
	(No symbol) [0x00007FF6D9496EC3]
	(No symbol) [0x00007FF6D94603F8]
	(No symbol) [0x00007FF6D9461163]
	GetHandleVerifier [0x00007FF6D990EEED+2870973]
	GetHandleVerifier [0x00007FF6D9909698+2848360]
	GetHandleVerifier [0x00007FF6D9926973+2967875]
	GetHandleVerifier [0x00007FF6D968017A+188746]
	GetHandleVerifier [0x00007FF6D968845F+222255]
	GetHandleVerifier [0x00007FF6D966D2B4+111236]
	GetHandleVerifier [0x00007FF6D966D462+111666]
	GetHandleVerifier [0x00007FF6D9653589+5465]
	BaseThreadInitThunk [0x00007FFAFB9AE8D7+23]
	RtlUserThreadStart [0x00007FFAFCDFC5DC+44]

Error updating RJM: cannot access local variable 'final_df' where it is not associated with a value
[52/587] Processing GUFL
Updated GUFL (1 new rows)
[53/587] Processing BSM
 Scraping failed for BSM: Message: no such element: Unable to locate element: {"method":"xpath","selector":"//a[text()='Price History']"}
  (Session info: chrome=136.0.7103.93); For documentation on this error, please visit: https://www.selenium.dev/documentation/webdriver/troubleshooting/errors#no-such-element-exception
Stacktrace:
	GetHandleVerifier [0x00007FF6D9665335+78597]
	GetHandleVerifier [0x00007FF6D9665390+78688]
	(No symbol) [0x00007FF6D94191AA]
	(No symbol) [0x00007FF6D946F149]
	(No symbol) [0x00007FF6D946F3FC]
	(No symbol) [0x00007FF6D94C2467]
	(No symbol) [0x00007FF6D949712F]
	(No symbol) [0x00007FF6D94BF2BB]
	(No symbol) [0x00007FF6D9496EC3]
	(No symbol) [0x00007FF6D94603F8]
	(No symbol) [0x00007FF6D9461163]
	GetHandleVerifier [0x00007FF6D990EEED+2870973]
	GetHandleVerifier [0x00007FF6D9909698+2848360]
	GetHandleVerifier [0x00007FF6D9926973+2967875]
	GetHandleVerifier [0x00007FF6D968017A+188746]
	GetHandleVerifier [0x00007FF6D968845F+222255]
	GetHandleVerifier [0x00007FF6D966D2B4+111236]
	GetHandleVerifier [0x00007FF6D966D462+111666]
	GetHandleVerifier [0x00007FF6D9653589+5465]
	BaseThreadInitThunk [0x00007FFAFB9AE8D7+23]
	RtlUserThreadStart [0x00007FFAFCDFC5DC+44]

Error updating BSM: cannot access local variable 'final_df' where it is not associated with a value
[54/587] Processing GRU
 Scraping failed for GRU: Message: no such element: Unable to locate element: {"method":"xpath","selector":"//a[text()='Price History']"}
  (Session info: chrome=136.0.7103.93); For documentation on this error, please visit: https://www.selenium.dev/documentation/webdriver/troubleshooting/errors#no-such-element-exception
Stacktrace:
	GetHandleVerifier [0x00007FF6D9665335+78597]
	GetHandleVerifier [0x00007FF6D9665390+78688]
	(No symbol) [0x00007FF6D94191AA]
	(No symbol) [0x00007FF6D946F149]
	(No symbol) [0x00007FF6D946F3FC]
	(No symbol) [0x00007FF6D94C2467]
	(No symbol) [0x00007FF6D949712F]
	(No symbol) [0x00007FF6D94BF2BB]
	(No symbol) [0x00007FF6D9496EC3]
	(No symbol) [0x00007FF6D94603F8]
	(No symbol) [0x00007FF6D9461163]
	GetHandleVerifier [0x00007FF6D990EEED+2870973]
	GetHandleVerifier [0x00007FF6D9909698+2848360]
	GetHandleVerifier [0x00007FF6D9926973+2967875]
	GetHandleVerifier [0x00007FF6D968017A+188746]
	GetHandleVerifier [0x00007FF6D968845F+222255]
	GetHandleVerifier [0x00007FF6D966D2B4+111236]
	GetHandleVerifier [0x00007FF6D966D462+111666]
	GetHandleVerifier [0x00007FF6D9653589+5465]
	BaseThreadInitThunk [0x00007FFAFB9AE8D7+23]
	RtlUserThreadStart [0x00007FFAFCDFC5DC+44]

Error updating GRU: cannot access local variable 'final_df' where it is not associated with a value
[55/587] Processing JSM
 Scraping failed for JSM: Message: no such element: Unable to locate element: {"method":"xpath","selector":"//a[text()='Price History']"}
  (Session info: chrome=136.0.7103.93); For documentation on this error, please visit: https://www.selenium.dev/documentation/webdriver/troubleshooting/errors#no-such-element-exception
Stacktrace:
	GetHandleVerifier [0x00007FF6D9665335+78597]
	GetHandleVerifier [0x00007FF6D9665390+78688]
	(No symbol) [0x00007FF6D94191AA]
	(No symbol) [0x00007FF6D946F149]
	(No symbol) [0x00007FF6D946F3FC]
	(No symbol) [0x00007FF6D94C2467]
	(No symbol) [0x00007FF6D949712F]
	(No symbol) [0x00007FF6D94BF2BB]
	(No symbol) [0x00007FF6D9496EC3]
	(No symbol) [0x00007FF6D94603F8]
	(No symbol) [0x00007FF6D9461163]
	GetHandleVerifier [0x00007FF6D990EEED+2870973]
	GetHandleVerifier [0x00007FF6D9909698+2848360]
	GetHandleVerifier [0x00007FF6D9926973+2967875]
	GetHandleVerifier [0x00007FF6D968017A+188746]
	GetHandleVerifier [0x00007FF6D968845F+222255]
	GetHandleVerifier [0x00007FF6D966D2B4+111236]
	GetHandleVerifier [0x00007FF6D966D462+111666]
	GetHandleVerifier [0x00007FF6D9653589+5465]
	BaseThreadInitThunk [0x00007FFAFB9AE8D7+23]
	RtlUserThreadStart [0x00007FFAFCDFC5DC+44]

Error updating JSM: cannot access local variable 'final_df' where it is not associated with a value
[56/587] Processing CIT
Updated CIT (1 new rows)
[57/587] Processing AVU
 Scraping failed for AVU: Message: no such element: Unable to locate element: {"method":"xpath","selector":"//a[text()='Price History']"}
  (Session info: chrome=136.0.7103.93); For documentation on this error, please visit: https://www.selenium.dev/documentation/webdriver/troubleshooting/errors#no-such-element-exception
Stacktrace:
	GetHandleVerifier [0x00007FF6D9665335+78597]
	GetHandleVerifier [0x00007FF6D9665390+78688]
	(No symbol) [0x00007FF6D94191AA]
	(No symbol) [0x00007FF6D946F149]
	(No symbol) [0x00007FF6D946F3FC]
	(No symbol) [0x00007FF6D94C2467]
	(No symbol) [0x00007FF6D949712F]
	(No symbol) [0x00007FF6D94BF2BB]
	(No symbol) [0x00007FF6D9496EC3]
	(No symbol) [0x00007FF6D94603F8]
	(No symbol) [0x00007FF6D9461163]
	GetHandleVerifier [0x00007FF6D990EEED+2870973]
	GetHandleVerifier [0x00007FF6D9909698+2848360]
	GetHandleVerifier [0x00007FF6D9926973+2967875]
	GetHandleVerifier [0x00007FF6D968017A+188746]
	GetHandleVerifier [0x00007FF6D968845F+222255]
	GetHandleVerifier [0x00007FF6D966D2B4+111236]
	GetHandleVerifier [0x00007FF6D966D462+111666]
	GetHandleVerifier [0x00007FF6D9653589+5465]
	BaseThreadInitThunk [0x00007FFAFB9AE8D7+23]
	RtlUserThreadStart [0x00007FFAFCDFC5DC+44]

Error updating AVU: cannot access local variable 'final_df' where it is not associated with a value
[58/587] Processing NABB
No data returned for NABB
[59/587] Processing BNT
Updated BNT (1 new rows)
[60/587] Processing HBT
 Scraping failed for HBT: Message: no such element: Unable to locate element: {"method":"xpath","selector":"//a[text()='Price History']"}
  (Session info: chrome=136.0.7103.93); For documentation on this error, please visit: https://www.selenium.dev/documentation/webdriver/troubleshooting/errors#no-such-element-exception
Stacktrace:
	GetHandleVerifier [0x00007FF6D9665335+78597]
	GetHandleVerifier [0x00007FF6D9665390+78688]
	(No symbol) [0x00007FF6D94191AA]
	(No symbol) [0x00007FF6D946F149]
	(No symbol) [0x00007FF6D946F3FC]
	(No symbol) [0x00007FF6D94C2467]
	(No symbol) [0x00007FF6D949712F]
	(No symbol) [0x00007FF6D94BF2BB]
	(No symbol) [0x00007FF6D9496EC3]
	(No symbol) [0x00007FF6D94603F8]
	(No symbol) [0x00007FF6D9461163]
	GetHandleVerifier [0x00007FF6D990EEED+2870973]
	GetHandleVerifier [0x00007FF6D9909698+2848360]
	GetHandleVerifier [0x00007FF6D9926973+2967875]
	GetHandleVerifier [0x00007FF6D968017A+188746]
	GetHandleVerifier [0x00007FF6D968845F+222255]
	GetHandleVerifier [0x00007FF6D966D2B4+111236]
	GetHandleVerifier [0x00007FF6D966D462+111666]
	GetHandleVerifier [0x00007FF6D9653589+5465]
	BaseThreadInitThunk [0x00007FFAFB9AE8D7+23]
	RtlUserThreadStart [0x00007FFAFCDFC5DC+44]

Error updating HBT: cannot access local variable 'final_df' where it is not associated with a value
[61/587] Processing BSL
 Scraping failed for BSL: Message: no such element: Unable to locate element: {"method":"xpath","selector":"//a[text()='Price History']"}
  (Session info: chrome=136.0.7103.93); For documentation on this error, please visit: https://www.selenium.dev/documentation/webdriver/troubleshooting/errors#no-such-element-exception
Stacktrace:
	GetHandleVerifier [0x00007FF6D9665335+78597]
	GetHandleVerifier [0x00007FF6D9665390+78688]
	(No symbol) [0x00007FF6D94191AA]
	(No symbol) [0x00007FF6D946F149]
	(No symbol) [0x00007FF6D946F3FC]
	(No symbol) [0x00007FF6D94C2467]
	(No symbol) [0x00007FF6D949712F]
	(No symbol) [0x00007FF6D94BF2BB]
	(No symbol) [0x00007FF6D9496EC3]
	(No symbol) [0x00007FF6D94603F8]
	(No symbol) [0x00007FF6D9461163]
	GetHandleVerifier [0x00007FF6D990EEED+2870973]
	GetHandleVerifier [0x00007FF6D9909698+2848360]
	GetHandleVerifier [0x00007FF6D9926973+2967875]
	GetHandleVerifier [0x00007FF6D968017A+188746]
	GetHandleVerifier [0x00007FF6D968845F+222255]
	GetHandleVerifier [0x00007FF6D966D2B4+111236]
	GetHandleVerifier [0x00007FF6D966D462+111666]
	GetHandleVerifier [0x00007FF6D9653589+5465]
	BaseThreadInitThunk [0x00007FFAFB9AE8D7+23]
	RtlUserThreadStart [0x00007FFAFCDFC5DC+44]

Error updating BSL: cannot access local variable 'final_df' where it is not associated with a value
[62/587] Processing UNL
No data returned for UNL
[63/587] Processing SFC
 Scraping failed for SFC: Message: no such element: Unable to locate element: {"method":"xpath","selector":"//a[text()='Price History']"}
  (Session info: chrome=136.0.7103.93); For documentation on this error, please visit: https://www.selenium.dev/documentation/webdriver/troubleshooting/errors#no-such-element-exception
Stacktrace:
	GetHandleVerifier [0x00007FF6D9665335+78597]
	GetHandleVerifier [0x00007FF6D9665390+78688]
	(No symbol) [0x00007FF6D94191AA]
	(No symbol) [0x00007FF6D946F149]
	(No symbol) [0x00007FF6D946F3FC]
	(No symbol) [0x00007FF6D94C2467]
	(No symbol) [0x00007FF6D949712F]
	(No symbol) [0x00007FF6D94BF2BB]
	(No symbol) [0x00007FF6D9496EC3]
	(No symbol) [0x00007FF6D94603F8]
	(No symbol) [0x00007FF6D9461163]
	GetHandleVerifier [0x00007FF6D990EEED+2870973]
	GetHandleVerifier [0x00007FF6D9909698+2848360]
	GetHandleVerifier [0x00007FF6D9926973+2967875]
	GetHandleVerifier [0x00007FF6D968017A+188746]
	GetHandleVerifier [0x00007FF6D968845F+222255]
	GetHandleVerifier [0x00007FF6D966D2B4+111236]
	GetHandleVerifier [0x00007FF6D966D462+111666]
	GetHandleVerifier [0x00007FF6D9653589+5465]
	BaseThreadInitThunk [0x00007FFAFB9AE8D7+23]
	RtlUserThreadStart [0x00007FFAFCDFC5DC+44]

Error updating SFC: cannot access local variable 'final_df' where it is not associated with a value
[64/587] Processing NKU
 Scraping failed for NKU: Message: no such element: Unable to locate element: {"method":"xpath","selector":"//a[text()='Price History']"}
  (Session info: chrome=136.0.7103.93); For documentation on this error, please visit: https://www.selenium.dev/documentation/webdriver/troubleshooting/errors#no-such-element-exception
Stacktrace:
	GetHandleVerifier [0x00007FF6D9665335+78597]
	GetHandleVerifier [0x00007FF6D9665390+78688]
	(No symbol) [0x00007FF6D94191AA]
	(No symbol) [0x00007FF6D946F149]
	(No symbol) [0x00007FF6D946F3FC]
	(No symbol) [0x00007FF6D94C2467]
	(No symbol) [0x00007FF6D949712F]
	(No symbol) [0x00007FF6D94BF2BB]
	(No symbol) [0x00007FF6D9496EC3]
	(No symbol) [0x00007FF6D94603F8]
	(No symbol) [0x00007FF6D9461163]
	GetHandleVerifier [0x00007FF6D990EEED+2870973]
	GetHandleVerifier [0x00007FF6D9909698+2848360]
	GetHandleVerifier [0x00007FF6D9926973+2967875]
	GetHandleVerifier [0x00007FF6D968017A+188746]
	GetHandleVerifier [0x00007FF6D968845F+222255]
	GetHandleVerifier [0x00007FF6D966D2B4+111236]
	GetHandleVerifier [0x00007FF6D966D462+111666]
	GetHandleVerifier [0x00007FF6D9653589+5465]
	BaseThreadInitThunk [0x00007FFAFB9AE8D7+23]
	RtlUserThreadStart [0x00007FFAFCDFC5DC+44]

Error updating NKU: cannot access local variable 'final_df' where it is not associated with a value
[65/587] Processing SBPP
 Scraping failed for SBPP: Message: no such element: Unable to locate element: {"method":"xpath","selector":"//a[text()='Price History']"}
  (Session info: chrome=136.0.7103.93); For documentation on this error, please visit: https://www.selenium.dev/documentation/webdriver/troubleshooting/errors#no-such-element-exception
Stacktrace:
	GetHandleVerifier [0x00007FF6D9665335+78597]
	GetHandleVerifier [0x00007FF6D9665390+78688]
	(No symbol) [0x00007FF6D94191AA]
	(No symbol) [0x00007FF6D946F149]
	(No symbol) [0x00007FF6D946F3FC]
	(No symbol) [0x00007FF6D94C2467]
	(No symbol) [0x00007FF6D949712F]
	(No symbol) [0x00007FF6D94BF2BB]
	(No symbol) [0x00007FF6D9496EC3]
	(No symbol) [0x00007FF6D94603F8]
	(No symbol) [0x00007FF6D9461163]
	GetHandleVerifier [0x00007FF6D990EEED+2870973]
	GetHandleVerifier [0x00007FF6D9909698+2848360]
	GetHandleVerifier [0x00007FF6D9926973+2967875]
	GetHandleVerifier [0x00007FF6D968017A+188746]
	GetHandleVerifier [0x00007FF6D968845F+222255]
	GetHandleVerifier [0x00007FF6D966D2B4+111236]
	GetHandleVerifier [0x00007FF6D966D462+111666]
	GetHandleVerifier [0x00007FF6D9653589+5465]
	BaseThreadInitThunk [0x00007FFAFB9AE8D7+23]
	RtlUserThreadStart [0x00007FFAFCDFC5DC+44]

Error updating SBPP: cannot access local variable 'final_df' where it is not associated with a value
[66/587] Processing BFC
Updated BFC (1 new rows)
[67/587] Processing FHL
 Scraping failed for FHL: Message: no such element: Unable to locate element: {"method":"xpath","selector":"//a[text()='Price History']"}
  (Session info: chrome=136.0.7103.93); For documentation on this error, please visit: https://www.selenium.dev/documentation/webdriver/troubleshooting/errors#no-such-element-exception
Stacktrace:
	GetHandleVerifier [0x00007FF6D9665335+78597]
	GetHandleVerifier [0x00007FF6D9665390+78688]
	(No symbol) [0x00007FF6D94191AA]
	(No symbol) [0x00007FF6D946F149]
	(No symbol) [0x00007FF6D946F3FC]
	(No symbol) [0x00007FF6D94C2467]
	(No symbol) [0x00007FF6D949712F]
	(No symbol) [0x00007FF6D94BF2BB]
	(No symbol) [0x00007FF6D9496EC3]
	(No symbol) [0x00007FF6D94603F8]
	(No symbol) [0x00007FF6D9461163]
	GetHandleVerifier [0x00007FF6D990EEED+2870973]
	GetHandleVerifier [0x00007FF6D9909698+2848360]
	GetHandleVerifier [0x00007FF6D9926973+2967875]
	GetHandleVerifier [0x00007FF6D968017A+188746]
	GetHandleVerifier [0x00007FF6D968845F+222255]
	GetHandleVerifier [0x00007FF6D966D2B4+111236]
	GetHandleVerifier [0x00007FF6D966D462+111666]
	GetHandleVerifier [0x00007FF6D9653589+5465]
	BaseThreadInitThunk [0x00007FFAFB9AE8D7+23]
	RtlUserThreadStart [0x00007FFAFCDFC5DC+44]

Error updating FHL: cannot access local variable 'final_df' where it is not associated with a value
[68/587] Processing MFL
No data returned for MFL
[69/587] Processing SRS
No data returned for SRS
[70/587] Processing GFCL
Updated GFCL (1 new rows)
[71/587] Processing NBBU
 Scraping failed for NBBU: Message: no such element: Unable to locate element: {"method":"xpath","selector":"//a[text()='Price History']"}
  (Session info: chrome=136.0.7103.93); For documentation on this error, please visit: https://www.selenium.dev/documentation/webdriver/troubleshooting/errors#no-such-element-exception
Stacktrace:
	GetHandleVerifier [0x00007FF6D9665335+78597]
	GetHandleVerifier [0x00007FF6D9665390+78688]
	(No symbol) [0x00007FF6D94191AA]
	(No symbol) [0x00007FF6D946F149]
	(No symbol) [0x00007FF6D946F3FC]
	(No symbol) [0x00007FF6D94C2467]
	(No symbol) [0x00007FF6D949712F]
	(No symbol) [0x00007FF6D94BF2BB]
	(No symbol) [0x00007FF6D9496EC3]
	(No symbol) [0x00007FF6D94603F8]
	(No symbol) [0x00007FF6D9461163]
	GetHandleVerifier [0x00007FF6D990EEED+2870973]
	GetHandleVerifier [0x00007FF6D9909698+2848360]
	GetHandleVerifier [0x00007FF6D9926973+2967875]
	GetHandleVerifier [0x00007FF6D968017A+188746]
	GetHandleVerifier [0x00007FF6D968845F+222255]
	GetHandleVerifier [0x00007FF6D966D2B4+111236]
	GetHandleVerifier [0x00007FF6D966D462+111666]
	GetHandleVerifier [0x00007FF6D9653589+5465]
	BaseThreadInitThunk [0x00007FFAFB9AE8D7+23]
	RtlUserThreadStart [0x00007FFAFCDFC5DC+44]

Error updating NBBU: cannot access local variable 'final_df' where it is not associated with a value
[72/587] Processing HDL
Updated HDL (1 new rows)
[73/587] Processing PFL
Updated PFL (1 new rows)
[74/587] Processing NMB
Updated NMB (1 new rows)
[75/587] Processing UFL
 No more pages or unable to click Next.
Updated UFL (240830 new rows)
[76/587] Processing SIFC
 No more pages or unable to click Next.
Updated SIFC (2064 new rows)
[77/587] Processing CFCL
 No more pages or unable to click Next.
Updated CFCL (2626 new rows)
[78/587] Processing JFL
 No more pages or unable to click Next.
Updated JFL (2709 new rows)
[79/587] Processing OFL
 No more pages or unable to click Next.
Updated OFL (330 new rows)
[80/587] Processing PRVU
 No more pages or unable to click Next.
Updated PRVU (2075 new rows)
[81/587] Processing SFCL
 No more pages or unable to click Next.
Updated SFCL (1578 new rows)
[82/587] Processing CMB
 No more pages or unable to click Next.
Updated CMB (6244 new rows)
[83/587] Processing GMFIL
 No more pages or unable to click Next.
Updated GMFIL (2006 new rows)
[84/587] Processing SWBBL
 No more pages or unable to click Next.
Updated SWBBL (2907 new rows)
[85/587] Processing ICFC
 No more pages or unable to click Next.
Updated ICFC (2863 new rows)
[86/587] Processing EDBL
 No more pages or unable to click Next.
Updated EDBL (2824 new rows)
[87/587] Processing NTC
 No more pages or unable to click Next.
Updated NTC (3213 new rows)
